// Jest Snapshot v1, https://goo.gl/fbAQLP

exports[`<Screen A/> Renders correctly (by snapshot) 1`] = `
<View>
  <Text>
    Coderhouse - testing with React Nativo
  </Text>
  <View
    accessible={true}
    focusable={true}
    onClick={[Function]}
    onResponderGrant={[Function]}
    onResponderMove={[Function]}
    onResponderRelease={[Function]}
    onResponderTerminate={[Function]}
    onResponderTerminationRequest={[Function]}
    onStartShouldSetResponder={[Function]}
    style={
      Object {
        "opacity": 1,
      }
    }
    testID="myButton"
  >
    <Text>
      Change status
    </Text>
  </View>
  <Text
    testID="myText"
  >
    false
  </Text>
  <View
    accessible={true}
    focusable={true}
    onClick={[Function]}
    onResponderGrant={[Function]}
    onResponderMove={[Function]}
    onResponderRelease={[Function]}
    onResponderTerminate={[Function]}
    onResponderTerminationRequest={[Function]}
    onStartShouldSetResponder={[Function]}
    style={
      Object {
        "opacity": 1,
      }
    }
    testID="navButton"
  >
    <Text>
      Go to Screen B
    </Text>
  </View>
</View>
`;
